[first-advisors.com/index.html]
[backblue.gif]
[fade.gif]
[index.html]
[first-advisors.com/wp-json/index.html]
[first-advisors.com/wp-json/wp/v2/pages/4.json]
[first-advisors.com/wp-json/oembed/1.0/embed470e.json]
[first-advisors.com/wp-json/oembed/1.0/embed6a3c]
[first-advisors.com/wp-content/themes/firstadvisors2021/assets/dist/img/touch-icon-iphone.png]
[first-advisors.com/wp-content/themes/firstadvisors2021/assets/dist/img/touch-icon-ipad.png]
[first-advisors.com/wp-content/themes/firstadvisors2021/assets/dist/img/touch-icon-iphone-retina.png]
[first-advisors.com/wp-content/themes/firstadvisors2021/assets/dist/img/touch-icon-ipad-retina.png]
[first-advisors.com/wp-content/themes/firstadvisors2021/assets/dist/fonts/source-sans-pro-v14-latin-regular.woff2]
[first-advisors.com/wp-content/themes/firstadvisors2021/assets/dist/fonts/Fontin_Sans_I_45b.woff2]
[media.first-advisors.com/wp-content/uploads/2021/03/frontpage-intro-banner-1014x603.jpg]
[first-advisors.com/wp-content/themes/firstadvisors2021/assets/dist/fonts/source-sans-pro-v14-latin-regular.woff]
[first-advisors.com/wp-content/themes/firstadvisors2021/assets/dist/fonts/Fontin_Sans_I_45b.woff]
[first-advisors.com/our-firm/index.html]
[first-advisors.com/our-services/index.html]
[first-advisors.com/client-stories/index.html]
[media.first-advisors.com/wp-content/uploads/2021/03/frontpage-intro-banner.jpg]
[media.first-advisors.com/wp-content/uploads/2021/04/homepage-goals-large-396x414.jpg]
[media.first-advisors.com/wp-content/uploads/2021/04/homepage-goals-small-241x244.jpg]
[first-advisors.com/wp-content/uploads/2020/07/CMA_CMS_Form_CRS_6-30-20.pdf]
[first-advisors.com/wp-includes/js/wp-embed.mind988.js]
[first-advisors.com/wp-includes/js/jquery/jquery.min9d52.js]
[first-advisors.com/wp-includes/js/jquery/jquery-migrate.mind617.js]
[first-advisors.com/wp-content/themes/firstadvisors2021/assets/dist/js/blocks/listtext.mincf5d.js]
[first-advisors.com/wp-content/plugins/rmg-site-functionality/assets/dist/js/mousetouch.minedb2.js]
[first-advisors.com/wp-content/themes/firstadvisors2021/assets/dist/js/shared/mobile-nav.mincf5d.js]
[first-advisors.com/index.html]
[www.googletagmanager.com/gtm5445.html]
[first-advisors.com/wp-includes/wlwmanifest.html]
[first-advisors.com/wp-content/themes/firstadvisors2021/assets/dist/img/first-advisors-logo-r.svg]
[first-advisors.com/wp-json/wp/v2/pages/8.json]
[first-advisors.com/wp-json/oembed/1.0/embedb37c.json]
[first-advisors.com/wp-json/oembed/1.0/embed6220]
[first-advisors.com/wp-content/themes/firstadvisors2021/assets/dist/fonts/source-sans-pro-v14-latin-700.woff2]
[media.first-advisors.com/wp-content/uploads/2021/06/Group-4-0141_140-dpi-396x396.jpg]
[media.first-advisors.com/wp-content/uploads/2021/06/Group-3-0225_140-dpi-241x241.jpg]
[first-advisors.com/wp-content/themes/firstadvisors2021/assets/dist/js/blocks/services.mincf5d.js]
[first-advisors.com/our-services/index.html]
[first-advisors.com/wp-json/wp/v2/pages/6.json]
[first-advisors.com/wp-json/oembed/1.0/embed2582.json]
[first-advisors.com/wp-json/oembed/1.0/embeda7cd]
[media.first-advisors.com/wp-content/uploads/2021/04/our-firm-left-396x414.jpg]
[media.first-advisors.com/wp-content/uploads/2021/06/Group-1-0190_140-dpi-1-396x396.jpg]
[media.first-advisors.com/wp-content/uploads/2021/03/bio-list-john-332x432.jpg]
[media.first-advisors.com/wp-content/uploads/2021/03/bio-list-jane-332x432.jpg]
[media.first-advisors.com/wp-content/uploads/2021/03/bio-list-michelle-332x432.jpg]
[media.first-advisors.com/wp-content/uploads/2021/04/bio-list-fong-332x432.jpg]
[media.first-advisors.com/wp-content/uploads/2021/03/bio-detail-john-334x401.jpg]
[first-advisors.com/wp-content/themes/firstadvisors2021/assets/dist/js/blocks/advisors.mincf5d.js]
[first-advisors.com/our-firm/index.html]
[first-advisors.com/wp-json/wp/v2/pages/222.json]
[first-advisors.com/wp-json/oembed/1.0/embed6cf3.json]
[first-advisors.com/wp-json/oembed/1.0/embedfba8]
[first-advisors.com/client-stories/index.html]
[first-advisors.com/wp-content/themes/firstadvisors2021/assets/dist/img/medallion-text.svg]
[first-advisors.com/wp-content/themes/firstadvisors2021/assets/dist/css/blocks/callout.mincf5d.css]
[first-advisors.com/wp-content/themes/firstadvisors2021/assets/dist/css/footer/address.mincf5d.css]
[first-advisors.com/wp-content/themes/firstadvisors2021/assets/dist/fonts/source-sans-pro-v14-latin-600.woff2]
[first-advisors.com/wp-content/themes/firstadvisors2021/assets/dist/fonts/source-sans-pro-v14-latin-600.woff]
[first-advisors.com/wp-content/themes/firstadvisors2021/assets/dist/fonts/source-sans-pro-v14-latin-700.woff]
[first-advisors.com/wp-content/themes/firstadvisors2021/assets/dist/fonts/Fontin_Sans_B_45b.woff2]
[first-advisors.com/wp-content/themes/firstadvisors2021/assets/dist/fonts/Fontin_Sans_B_45b.woff]
[first-advisors.com/wp-content/themes/firstadvisors2021/assets/dist/fonts/Fontin_Sans_R_45b.woff2]
[first-advisors.com/wp-content/themes/firstadvisors2021/assets/dist/fonts/Fontin_Sans_R_45b.woff]
[first-advisors.com/wp-content/themes/firstadvisors2021/assets/dist/img/footer-background.jpg]
[first-advisors.com/wp-content/themes/firstadvisors2021/assets/dist/img/site-bg-top.jpg]
[first-advisors.com/wp-content/themes/firstadvisors2021/assets/dist/img/site-bg-right.jpg]
[first-advisors.com/wp-content/themes/firstadvisors2021/assets/dist/img/site-bg-left.jpg]
[first-advisors.com/wp-content/themes/firstadvisors2021/assets/dist/css/styles.mincf5d.css]
[first-advisors.com/wp-content/themes/firstadvisors2021/assets/dist/css/blocks/blocks.mincf5d.css]
[first-advisors.com/wp-content/themes/firstadvisors2021/assets/dist/css/footer/footer.mincf5d.css]
[first-advisors.com/wp-content/themes/firstadvisors2021/assets/dist/css/shared/mobile.mincf5d.css]
[first-advisors.com/index2df4.html]
[first-advisors.com/wp-content/themes/firstadvisors2021/assets/dist/css/blocks/services.mincf5d.css]
[first-advisors.com/index42dc.html]
[first-advisors.com/wp-content/themes/firstadvisors2021/assets/dist/img/medallion.svg]
[first-advisors.com/wp-content/themes/firstadvisors2021/assets/dist/img/medallion-text-navy.svg]
[first-advisors.com/wp-content/themes/firstadvisors2021/assets/dist/img/icon-email.svg]
[first-advisors.com/wp-content/themes/firstadvisors2021/assets/dist/img/icon-phone.svg]
[first-advisors.com/wp-content/themes/firstadvisors2021/assets/dist/img/arrow-gold.svg]
[first-advisors.com/wp-content/themes/firstadvisors2021/assets/dist/img/icon-email-blue.svg]
[first-advisors.com/wp-content/themes/firstadvisors2021/assets/dist/img/icon-phone-blue.svg]
[first-advisors.com/indexb4c1.html]
[first-advisors.com/wp-content/themes/firstadvisors2021/assets/dist/img/large-circle-number-bg.svg]
[first-advisors.com/xmlrpc0db0.html]
[first-advisors.com/wp-content/themes/firstadvisors2021/assets/dist/img/list-item-cross.svg]
[first-advisors.com/contact-us/index.html]
